// Jest Snapshot v1, https://goo.gl/fbAQLP

exports[`Footer renders correctly 1`] = `
<footer
  className="css-17qhf9j"
>
  <ul>
    <li>
      <Link
        to="/privacy-policy"
      >
        Privacy Policy
      </Link>
    </li>
    <li>
      <a
        href="/admin/"
      >
        CMS
      </a>
    </li>
  </ul>
</footer>
`;
